[0m18:33:03.601787 [debug] [MainThread]: Sending event: {'category': 'dbt', 'action': 'invocation', 'label': 'start', 'context': [<snowplow_tracker.self_describing_json.SelfDescribingJson object at 0x000002189E886AE0>, <snowplow_tracker.self_describing_json.SelfDescribingJson object at 0x000002189EE5D760>, <snowplow_tracker.self_describing_json.SelfDescribingJson object at 0x000002189EE5FE00>]}


============================== 18:33:03.610077 | ec747db0-c54d-4ff6-af55-3a5a417809ea ==============================
[0m18:33:03.610077 [info ] [MainThread]: Running with dbt=1.11.6
[0m18:33:03.610077 [debug] [MainThread]: running dbt with arguments {'static_parser': 'True', 'no_print': 'None', 'version_check': 'True', 'warn_error_options': 'WarnErrorOptionsV2(error=[], warn=[], silence=[])', 'target_path': 'None', 'printer_width': '80', 'write_json': 'True', 'introspect': 'True', 'log_cache_events': 'False', 'empty': 'None', 'cache_selected_only': 'False', 'fail_fast': 'False', 'debug': 'False', 'log_format': 'default', 'profiles_dir': 'C:\\Users\\Bora\\.dbt', 'send_anonymous_usage_stats': 'True', 'quiet': 'False', 'warn_error': 'None', 'partial_parse': 'True', 'indirect_selection': 'eager', 'invocation_command': 'dbt init analytics_models', 'use_colors': 'True', 'use_experimental_parser': 'False', 'log_path': 'logs'}
[0m18:33:03.636613 [info ] [MainThread]: Creating dbt configuration folder at C:\Users\Bora\.dbt
[0m18:33:03.639611 [debug] [MainThread]: Starter project path: C:\Users\Bora\AppData\Local\Programs\Python\Python312\Lib\site-packages\dbt\include\starter_project
[0m18:33:03.668999 [info ] [MainThread]: 
Your new dbt project "analytics_models" was created!

For more information on how to configure the profiles.yml file,
please consult the dbt documentation here:

  https://docs.getdbt.com/docs/configure-your-profile

One more thing:

Need help? Don't hesitate to reach out to us via GitHub issues or on Slack:

  https://community.getdbt.com/

Happy modeling!

[0m18:33:03.672567 [info ] [MainThread]: Setting up your profile.
[0m18:41:43.593778 [info ] [MainThread]: Profile analytics_models written to C:\Users\Bora\.dbt\profiles.yml using target's profile_template.yml and your supplied values. Run 'dbt debug' to validate the connection.
[0m18:41:43.594245 [debug] [MainThread]: Command `dbt init` succeeded at 18:41:43.594245 after 520.14 seconds
[0m18:41:43.594245 [debug] [MainThread]: Sending event: {'category': 'dbt', 'action': 'invocation', 'label': 'end', 'context': [<snowplow_tracker.self_describing_json.SelfDescribingJson object at 0x000002189E886AE0>, <snowplow_tracker.self_describing_json.SelfDescribingJson object at 0x00000218BB392900>, <snowplow_tracker.self_describing_json.SelfDescribingJson object at 0x00000218BD5A6C00>]}
[0m18:41:43.594245 [debug] [MainThread]: Flushing usage events
[0m18:41:44.357742 [debug] [MainThread]: An error was encountered while trying to flush usage events
[0m18:41:53.710196 [debug] [MainThread]: Sending event: {'category': 'dbt', 'action': 'invocation', 'label': 'start', 'context': [<snowplow_tracker.self_describing_json.SelfDescribingJson object at 0x000002CC7A1637A0>, <snowplow_tracker.self_describing_json.SelfDescribingJson object at 0x000002CC79C6C740>, <snowplow_tracker.self_describing_json.SelfDescribingJson object at 0x000002CC79E58740>]}


============================== 18:41:53.714283 | 4ad47e3a-2ebc-46a3-b9f8-a1c1bf3e4c95 ==============================
[0m18:41:53.714283 [info ] [MainThread]: Running with dbt=1.11.6
[0m18:41:53.714283 [debug] [MainThread]: running dbt with arguments {'static_parser': 'True', 'no_print': 'None', 'version_check': 'True', 'target_path': 'None', 'warn_error_options': 'WarnErrorOptionsV2(error=[], warn=[], silence=[])', 'printer_width': '80', 'write_json': 'True', 'introspect': 'True', 'log_cache_events': 'False', 'empty': 'None', 'cache_selected_only': 'False', 'log_format': 'default', 'debug': 'False', 'fail_fast': 'False', 'profiles_dir': 'C:\\Users\\Bora\\.dbt', 'send_anonymous_usage_stats': 'True', 'quiet': 'False', 'warn_error': 'None', 'partial_parse': 'True', 'invocation_command': 'dbt debug', 'use_colors': 'True', 'indirect_selection': 'eager', 'use_experimental_parser': 'False', 'log_path': 'logs'}
[0m18:41:53.735999 [info ] [MainThread]: dbt version: 1.11.6
[0m18:41:53.735999 [info ] [MainThread]: python version: 3.12.3
[0m18:41:53.739407 [info ] [MainThread]: python path: C:\Users\Bora\AppData\Local\Programs\Python\Python312\python.exe
[0m18:41:53.739407 [info ] [MainThread]: os info: Windows-11-10.0.26200-SP0
[0m18:42:18.382762 [info ] [MainThread]: Using profiles dir at C:\Users\Bora\.dbt
[0m18:42:18.382762 [info ] [MainThread]: Using profiles.yml file at C:\Users\Bora\.dbt\profiles.yml
[0m18:42:18.382762 [info ] [MainThread]: Using dbt_project.yml file at C:\Users\Bora\Desktop\vertigo-data-engineer-case\analytics-dbt\dbt_project.yml
[0m18:42:18.382762 [info ] [MainThread]: adapter type: bigquery
[0m18:42:18.386777 [info ] [MainThread]: adapter version: 1.11.0
[0m18:42:18.386777 [info ] [MainThread]: Configuration:
[0m18:42:18.386777 [info ] [MainThread]:   profiles.yml file [[32mOK found and valid[0m]
[0m18:42:18.386777 [info ] [MainThread]:   dbt_project.yml file [[31mERROR not found[0m]
[0m18:42:18.386777 [info ] [MainThread]: Required dependencies:
[0m18:42:18.386777 [debug] [MainThread]: Executing "git --help"
[0m18:42:18.434326 [debug] [MainThread]: STDOUT: "b"usage: git [-v | --version] [-h | --help] [-C <path>] [-c <name>=<value>]\n           [--exec-path[=<path>]] [--html-path] [--man-path] [--info-path]\n           [-p | --paginate | -P | --no-pager] [--no-replace-objects] [--bare]\n           [--git-dir=<path>] [--work-tree=<path>] [--namespace=<name>]\n           [--config-env=<name>=<envvar>] <command> [<args>]\n\nThese are common Git commands used in various situations:\n\nstart a working area (see also: git help tutorial)\n   clone     Clone a repository into a new directory\n   init      Create an empty Git repository or reinitialize an existing one\n\nwork on the current change (see also: git help everyday)\n   add       Add file contents to the index\n   mv        Move or rename a file, a directory, or a symlink\n   restore   Restore working tree files\n   rm        Remove files from the working tree and from the index\n\nexamine the history and state (see also: git help revisions)\n   bisect    Use binary search to find the commit that introduced a bug\n   diff      Show changes between commits, commit and working tree, etc\n   grep      Print lines matching a pattern\n   log       Show commit logs\n   show      Show various types of objects\n   status    Show the working tree status\n\ngrow, mark and tweak your common history\n   branch    List, create, or delete branches\n   commit    Record changes to the repository\n   merge     Join two or more development histories together\n   rebase    Reapply commits on top of another base tip\n   reset     Reset current HEAD to the specified state\n   switch    Switch branches\n   tag       Create, list, delete or verify a tag object signed with GPG\n\ncollaborate (see also: git help workflows)\n   fetch     Download objects and refs from another repository\n   pull      Fetch from and integrate with another repository or a local branch\n   push      Update remote refs along with associated objects\n\n'git help -a' and 'git help -g' list available subcommands and some\nconcept guides. See 'git help <command>' or 'git help <concept>'\nto read about a specific subcommand or concept.\nSee 'git help git' for an overview of the system.\n""
[0m18:42:18.434326 [debug] [MainThread]: STDERR: "b''"
[0m18:42:18.434326 [info ] [MainThread]:  - git [[32mOK found[0m]

[0m18:42:18.436072 [info ] [MainThread]: Connection:
[0m18:42:18.436072 [info ] [MainThread]:   method: service-account
[0m18:42:18.436072 [info ] [MainThread]:   database: vertigo-case-488119
[0m18:42:18.436072 [info ] [MainThread]:   execution_project: vertigo-case-488119
[0m18:42:18.436072 [info ] [MainThread]:   schema: analytics_main
[0m18:42:18.438077 [info ] [MainThread]:   location: EU
[0m18:42:18.438077 [info ] [MainThread]:   priority: interactive
[0m18:42:18.438077 [info ] [MainThread]:   maximum_bytes_billed: None
[0m18:42:18.438077 [info ] [MainThread]:   impersonate_service_account: None
[0m18:42:18.440083 [info ] [MainThread]:   job_retry_deadline_seconds: None
[0m18:42:18.440083 [info ] [MainThread]:   job_retries: 1
[0m18:42:18.440083 [info ] [MainThread]:   job_creation_timeout_seconds: None
[0m18:42:18.440083 [info ] [MainThread]:   job_execution_timeout_seconds: 300
[0m18:42:18.442088 [info ] [MainThread]:   timeout_seconds: 300
[0m18:42:18.442088 [info ] [MainThread]:   client_id: None
[0m18:42:18.442088 [info ] [MainThread]:   token_uri: None
[0m18:42:18.444094 [info ] [MainThread]:   compute_region: None
[0m18:42:18.444094 [info ] [MainThread]:   dataproc_cluster_name: None
[0m18:42:18.444094 [info ] [MainThread]:   gcs_bucket: None
[0m18:42:18.444094 [info ] [MainThread]:   dataproc_batch: None
[0m18:42:18.444094 [info ] [MainThread]: Registered adapter: bigquery=1.11.0
[0m18:42:19.460111 [debug] [MainThread]: Acquiring new bigquery connection 'debug'
[0m18:42:19.460111 [debug] [MainThread]: On debug: select 1 as id
[0m18:42:19.460111 [debug] [MainThread]: Opening a new connection, currently in state init
[0m18:42:19.460111 [debug] [MainThread]: BigQuery adapter: Got an error when attempting to create a bigquery " "client: '[Errno 2] No such file or directory: '/c/Users/Bora/Desktop/\x16vertigo-case-488119-f3ceb0664795.json''
[0m18:42:19.460111 [debug] [MainThread]: BigQuery adapter: Unhandled error while running:
select 1 as id
[0m18:42:19.460111 [debug] [MainThread]: BigQuery adapter: Database Error
  [Errno 2] No such file or directory: '/c/Users/Bora/Desktop/\x16vertigo-case-488119-f3ceb0664795.json'
[0m18:42:19.460111 [info ] [MainThread]:   Connection test: [[31mERROR[0m]

[0m18:42:19.464436 [info ] [MainThread]: [31m2 checks failed:[0m
[0m18:42:19.464436 [info ] [MainThread]: Project loading failed for the following reason:
 project path <C:\Users\Bora\Desktop\vertigo-data-engineer-case\analytics-dbt\dbt_project.yml> not found

[0m18:42:19.464436 [info ] [MainThread]: dbt was unable to connect to the specified database.
The database returned the following error:

  >'NoneType' object has no attribute 'close'

Check your database credentials and try again. For more information, visit:
https://docs.getdbt.com/docs/configure-your-profile


[0m18:42:19.464436 [debug] [MainThread]: Command `dbt debug` failed at 18:42:19.464436 after 25.90 seconds
[0m18:42:19.464436 [debug] [MainThread]: Sending event: {'category': 'dbt', 'action': 'invocation', 'label': 'end', 'context': [<snowplow_tracker.self_describing_json.SelfDescribingJson object at 0x000002CC7957D400>, <snowplow_tracker.self_describing_json.SelfDescribingJson object at 0x000002CC12E84680>, <snowplow_tracker.self_describing_json.SelfDescribingJson object at 0x000002CC18E24A40>]}
[0m18:42:19.464436 [debug] [MainThread]: Flushing usage events
[0m18:42:20.146096 [debug] [MainThread]: An error was encountered while trying to flush usage events
